[i] Usando JavaFX SDK en C:\Users\dyang\Downloads\openjfx-26.0.1_windows-x64_bin-sdk\javafx-sdk-26.0.1\lib
[*] Compilando Mercado con sistema de inventario...
.\compile.bat : Note: Some input files use unchecked or unsafe operations.
En línea: 1 Carácter: 1
+ .\compile.bat > compile_output.txt 2>&1; Get-Content .\compile_output ...
+ ~~~~~~~~~~~~~~~~~~~~~~~~~~~~~~~~~~~~~~~
    + CategoryInfo          : NotSpecified: (Note: Some inpu...afe operations. 
   :String) [], RemoteException
    + FullyQualifiedErrorId : NativeCommandError
 
Note: Recompile with -Xlint:unchecked for details.
[Ô£ô] Compilaci├│n exitosa

[*] Para ejecutar:
    run.bat

[*] O bien:
    java --module-path lib --add-modules javafx.controls,javafx.fxml -cp bin;lib\* app.App
